UserNotLoggedInException
No Trips
No Trips
A Trip
A Trip,A Trip
