Expenses 9/1/2022 10:32:59 AM
Meal expenses: 0
Total expenses: 0
